127.0.0.1 - - [03/Jun/2025:00:37:42 +0700] "GET / HTTP/1.1" 404 751
127.0.0.1 - - [03/Jun/2025:00:39:19 +0700] "GET / HTTP/1.1" 404 751
127.0.0.1 - - [03/Jun/2025:00:40:18 +0700] "GET / HTTP/1.1" 404 751
127.0.0.1 - - [03/Jun/2025:00:40:56 +0700] "GET / HTTP/1.1" 404 751
0:0:0:0:0:0:0:1 - - [03/Jun/2025:00:47:16 +0700] "GET /QuanLyChiTieu/api/icons HTTP/1.1" 401 52
127.0.0.1 - - [03/Jun/2025:00:49:28 +0700] "GET / HTTP/1.1" 404 751
0:0:0:0:0:0:0:1 - - [03/Jun/2025:00:51:04 +0700] "GET / HTTP/1.1" 404 673
0:0:0:0:0:0:0:1 - - [03/Jun/2025:00:53:48 +0700] "GET /QuanLyChiTieu/ HTTP/1.1" 404 691
0:0:0:0:0:0:0:1 - - [03/Jun/2025:00:53:52 +0700] "GET /QuanLyChiTieu/ HTTP/1.1" 404 691
127.0.0.1 - - [03/Jun/2025:00:58:46 +0700] "GET / HTTP/1.1" 404 751
0:0:0:0:0:0:0:1 - - [03/Jun/2025:00:59:04 +0700] "GET /QuanLyChiTieu/ HTTP/1.1" 200 146
0:0:0:0:0:0:0:1 - - [03/Jun/2025:00:59:10 +0700] "GET /QuanLyChiTieu/api/icons HTTP/1.1" 401 52
0:0:0:0:0:0:0:1 - - [03/Jun/2025:01:02:34 +0700] "GET /QuanLyChiTieu/api/categories HTTP/1.1" 401 52
0:0:0:0:0:0:0:1 - - [03/Jun/2025:01:02:34 +0700] "GET /favicon.ico HTTP/1.1" 404 762
0:0:0:0:0:0:0:1 - - [03/Jun/2025:01:03:05 +0700] "GET /QuanLyChiTieu/api/categories HTTP/1.1" 401 52
0:0:0:0:0:0:0:1 - - [03/Jun/2025:01:04:06 +0700] "GET /QuanLyChiTieu/api/login HTTP/1.1" 404 31
0:0:0:0:0:0:0:1 - - [03/Jun/2025:01:04:28 +0700] "GET /QuanLyChiTieu/api/login HTTP/1.1" 404 31
0:0:0:0:0:0:0:1 - - [03/Jun/2025:01:05:00 +0700] "POST /QuanLyChiTieu/api/login HTTP/1.1" 500 34
0:0:0:0:0:0:0:1 - - [03/Jun/2025:01:13:01 +0700] "POST /QuanLyChiTieu/api/login HTTP/1.1" 500 34
0:0:0:0:0:0:0:1 - - [03/Jun/2025:01:13:22 +0700] "POST /QuanLyChiTieu/api/login HTTP/1.1" 500 34
127.0.0.1 - - [03/Jun/2025:01:19:04 +0700] "GET / HTTP/1.1" 404 751
0:0:0:0:0:0:0:1 - - [03/Jun/2025:01:19:16 +0700] "POST /QuanLyChiTieu/api/login HTTP/1.1" 500 34
0:0:0:0:0:0:0:1 - - [03/Jun/2025:01:19:24 +0700] "POST /QuanLyChiTieu/api/login HTTP/1.1" 500 34
0:0:0:0:0:0:0:1 - - [03/Jun/2025:01:22:30 +0700] "POST /QuanLyChiTieu/api/login HTTP/1.1" 500 34
127.0.0.1 - - [03/Jun/2025:01:22:55 +0700] "GET / HTTP/1.1" 404 751
0:0:0:0:0:0:0:1 - - [03/Jun/2025:01:23:01 +0700] "POST /QuanLyChiTieu/api/login HTTP/1.1" 500 34
0:0:0:0:0:0:0:1 - - [03/Jun/2025:01:26:49 +0700] "POST /QuanLyChiTieu/api/register HTTP/1.1" 201 43
0:0:0:0:0:0:0:1 - - [03/Jun/2025:01:27:28 +0700] "POST /QuanLyChiTieu/api/register HTTP/1.1" 201 43
0:0:0:0:0:0:0:1 - - [03/Jun/2025:01:28:16 +0700] "POST /QuanLyChiTieu/api/login HTTP/1.1" 400 38
0:0:0:0:0:0:0:1 - - [03/Jun/2025:01:28:51 +0700] "POST /QuanLyChiTieu/api/login HTTP/1.1" 400 38
0:0:0:0:0:0:0:1 - - [03/Jun/2025:01:28:54 +0700] "POST /QuanLyChiTieu/api/login HTTP/1.1" 400 38
0:0:0:0:0:0:0:1 - - [03/Jun/2025:01:30:25 +0700] "POST /QuanLyChiTieu/api/login HTTP/1.1" 400 38
0:0:0:0:0:0:0:1 - - [03/Jun/2025:01:32:06 +0700] "POST /QuanLyChiTieu/api/login HTTP/1.1" 400 38
127.0.0.1 - - [03/Jun/2025:01:33:03 +0700] "GET / HTTP/1.1" 404 751
0:0:0:0:0:0:0:1 - - [03/Jun/2025:01:33:07 +0700] "POST /QuanLyChiTieu/api/login HTTP/1.1" 500 2569
0:0:0:0:0:0:0:1 - - [03/Jun/2025:01:33:44 +0700] "POST /QuanLyChiTieu/api/login HTTP/1.1" 401 32
127.0.0.1 - - [03/Jun/2025:01:39:26 +0700] "GET / HTTP/1.1" 404 751
0:0:0:0:0:0:0:1 - - [03/Jun/2025:01:39:34 +0700] "POST /QuanLyChiTieu/api/login HTTP/1.1" 500 2717
127.0.0.1 - - [03/Jun/2025:01:46:05 +0700] "GET / HTTP/1.1" 404 751
0:0:0:0:0:0:0:1 - - [03/Jun/2025:01:46:11 +0700] "POST /QuanLyChiTieu/api/login HTTP/1.1" 200 371
0:0:0:0:0:0:0:1 - - [03/Jun/2025:01:50:10 +0700] "POST /QuanLyChiTieu/api/categprie/user/11 HTTP/1.1" 404 31
0:0:0:0:0:0:0:1 - - [03/Jun/2025:01:50:32 +0700] "POST /QuanLyChiTieu/api/categories/user/11 HTTP/1.1" 400 34
0:0:0:0:0:0:0:1 - - [03/Jun/2025:02:12:11 +0700] "POST /QuanLyChiTieu/api/categories/user/11 HTTP/1.1" 400 34
0:0:0:0:0:0:0:1 - - [03/Jun/2025:02:17:03 +0700] "POST /QuanLyChiTieu/api/categories/user/11 HTTP/1.1" 400 34
127.0.0.1 - - [03/Jun/2025:02:17:24 +0700] "GET / HTTP/1.1" 404 751
0:0:0:0:0:0:0:1 - - [03/Jun/2025:02:17:29 +0700] "POST /QuanLyChiTieu/api/categories/user/11 HTTP/1.1" 400 34
0:0:0:0:0:0:0:1 - - [03/Jun/2025:02:19:07 +0700] "GET /QuanLyChiTieu/api/categories/user/11 HTTP/1.1" 200 411
0:0:0:0:0:0:0:1 - - [03/Jun/2025:02:24:26 +0700] "POST /QuanLyChiTieu/api/categories HTTP/1.1" 201 42
127.0.0.1 - - [03/Jun/2025:02:28:01 +0700] "GET / HTTP/1.1" 404 751
0:0:0:0:0:0:0:1 - - [03/Jun/2025:02:28:08 +0700] "POST /QuanLyChiTieu/api/categories HTTP/1.1" 201 42
127.0.0.1 - - [03/Jun/2025:02:28:57 +0700] "GET / HTTP/1.1" 404 751
0:0:0:0:0:0:0:1 - - [03/Jun/2025:02:29:02 +0700] "POST /QuanLyChiTieu/api/categories HTTP/1.1" 201 42
127.0.0.1 - - [03/Jun/2025:02:31:01 +0700] "GET / HTTP/1.1" 404 751
0:0:0:0:0:0:0:1 - - [03/Jun/2025:02:31:04 +0700] "POST /QuanLyChiTieu/api/categories HTTP/1.1" 201 42
0:0:0:0:0:0:0:1 - - [03/Jun/2025:02:32:55 +0700] "POST /QuanLyChiTieu/api/categories HTTP/1.1" 201 42
0:0:0:0:0:0:0:1 - - [03/Jun/2025:02:32:57 +0700] "POST /QuanLyChiTieu/api/categories HTTP/1.1" 201 42
0:0:0:0:0:0:0:1 - - [03/Jun/2025:02:35:11 +0700] "POST /QuanLyChiTieu/api/register HTTP/1.1" 201 43
127.0.0.1 - - [03/Jun/2025:02:38:53 +0700] "GET / HTTP/1.1" 404 751
0:0:0:0:0:0:0:1 - - [03/Jun/2025:02:38:55 +0700] "POST /QuanLyChiTieu/api/register HTTP/1.1" 500 32
0:0:0:0:0:0:0:1 - - [03/Jun/2025:02:39:13 +0700] "POST /QuanLyChiTieu/api/register HTTP/1.1" 201 43
0:0:0:0:0:0:0:1 - - [03/Jun/2025:02:49:06 +0700] "POST /QuanLyChiTieu/api/transactions HTTP/1.1" 500 34
127.0.0.1 - - [03/Jun/2025:02:53:39 +0700] "GET / HTTP/1.1" 404 751
0:0:0:0:0:0:0:1 - - [03/Jun/2025:02:53:42 +0700] "POST /QuanLyChiTieu/api/transactions HTTP/1.1" 400 32
0:0:0:0:0:0:0:1 - - [03/Jun/2025:02:54:52 +0700] "POST /QuanLyChiTieu/api/transactions HTTP/1.1" 400 32
0:0:0:0:0:0:0:1 - - [03/Jun/2025:02:55:01 +0700] "POST /QuanLyChiTieu/api/transactions HTTP/1.1" 400 32
0:0:0:0:0:0:0:1 - - [03/Jun/2025:02:56:18 +0700] "POST /QuanLyChiTieu/api/transactions HTTP/1.1" 400 32
0:0:0:0:0:0:0:1 - - [03/Jun/2025:02:56:49 +0700] "POST /QuanLyChiTieu/api/transactions HTTP/1.1" 400 32
127.0.0.1 - - [03/Jun/2025:02:59:34 +0700] "GET / HTTP/1.1" 404 751
0:0:0:0:0:0:0:1 - - [03/Jun/2025:02:59:36 +0700] "POST /QuanLyChiTieu/api/transactions HTTP/1.1" 500 1716
127.0.0.1 - - [03/Jun/2025:03:15:33 +0700] "GET / HTTP/1.1" 404 751
0:0:0:0:0:0:0:1 - - [03/Jun/2025:03:15:40 +0700] "POST /QuanLyChiTieu/api/transactions HTTP/1.1" 500 34
127.0.0.1 - - [03/Jun/2025:03:22:10 +0700] "GET / HTTP/1.1" 404 751
0:0:0:0:0:0:0:1 - - [03/Jun/2025:03:22:21 +0700] "POST /QuanLyChiTieu/api/transactions HTTP/1.1" 400 32
127.0.0.1 - - [03/Jun/2025:03:25:24 +0700] "GET / HTTP/1.1" 404 751
0:0:0:0:0:0:0:1 - - [03/Jun/2025:03:25:30 +0700] "POST /QuanLyChiTieu/api/transactions HTTP/1.1" 201 45
0:0:0:0:0:0:0:1 - - [03/Jun/2025:03:26:38 +0700] "POST /QuanLyChiTieu/api/transactions/user/11/month/06/year/2025 HTTP/1.1" 201 45
0:0:0:0:0:0:0:1 - - [03/Jun/2025:03:26:45 +0700] "GET /QuanLyChiTieu/api/transactions/user/11/month/06/year/2025 HTTP/1.1" 200 317
0:0:0:0:0:0:0:1 - - [03/Jun/2025:03:27:58 +0700] "POST /QuanLyChiTieu/api/register HTTP/1.1" 409 58
0:0:0:0:0:0:0:1 - - [03/Jun/2025:03:28:05 +0700] "POST /QuanLyChiTieu/api/register HTTP/1.1" 201 38
0:0:0:0:0:0:0:1 - - [03/Jun/2025:03:28:57 +0700] "POST /QuanLyChiTieu/api/categories/user/11 HTTP/1.1" 500 1585
0:0:0:0:0:0:0:1 - - [03/Jun/2025:03:29:02 +0700] "GET /QuanLyChiTieu/api/categories/user/11 HTTP/1.1" 200 510
0:0:0:0:0:0:0:1 - - [03/Jun/2025:03:29:40 +0700] "POST /QuanLyChiTieu/api/categories HTTP/1.1" 500 1585
0:0:0:0:0:0:0:1 - - [03/Jun/2025:03:34:16 +0700] "POST /QuanLyChiTieu/api/categories HTTP/1.1" 500 1585
127.0.0.1 - - [03/Jun/2025:03:34:29 +0700] "GET / HTTP/1.1" 404 751
0:0:0:0:0:0:0:1 - - [03/Jun/2025:03:34:32 +0700] "POST /QuanLyChiTieu/api/categories HTTP/1.1" 500 35
0:0:0:0:0:0:0:1 - - [03/Jun/2025:03:35:35 +0700] "POST /QuanLyChiTieu/api/categories HTTP/1.1" 201 42
0:0:0:0:0:0:0:1 - - [03/Jun/2025:03:36:02 +0700] "POST /QuanLyChiTieu/api/categories HTTP/1.1" 201 42
0:0:0:0:0:0:0:1 - - [03/Jun/2025:03:37:00 +0700] "POST /QuanLyChiTieu/api/categories/19 HTTP/1.1" 201 42
0:0:0:0:0:0:0:1 - - [03/Jun/2025:03:37:07 +0700] "PUT /QuanLyChiTieu/api/categories/19 HTTP/1.1" 200 44
0:0:0:0:0:0:0:1 - - [03/Jun/2025:03:37:34 +0700] "PUT /QuanLyChiTieu/api/categories/19 HTTP/1.1" 200 44
0:0:0:0:0:0:0:1 - - [03/Jun/2025:03:38:07 +0700] "DELETE /QuanLyChiTieu/api/categories/19 HTTP/1.1" 200 44
0:0:0:0:0:0:0:1 - - [03/Jun/2025:03:38:54 +0700] "DELETE /QuanLyChiTieu/api/transactions/user/11/month/06/year/2025 HTTP/1.1" 400 35
0:0:0:0:0:0:0:1 - - [03/Jun/2025:03:38:59 +0700] "GET /QuanLyChiTieu/api/transactions/user/11/month/06/year/2025 HTTP/1.1" 200 317
0:0:0:0:0:0:0:1 - - [03/Jun/2025:03:39:29 +0700] "GET /QuanLyChiTieu/api/transactions/search?keyword=mua HTTP/1.1" 404 94
0:0:0:0:0:0:0:1 - - [03/Jun/2025:03:39:58 +0700] "GET null HTTP/1.1" 400 2132
0:0:0:0:0:0:0:1 - - [03/Jun/2025:03:40:33 +0700] "GET /QuanLyChiTieu/api/transactions/search?keyword=mua HTTP/1.1" 404 94
0:0:0:0:0:0:0:1 - - [03/Jun/2025:03:40:57 +0700] "GET /QuanLyChiTieu/api/transactions/search?keyword=mua HTTP/1.1" 404 94
0:0:0:0:0:0:0:1 - - [03/Jun/2025:03:43:05 +0700] "GET /QuanLyChiTieu/api/transactions/search?keyword=mua HTTP/1.1" 404 94
127.0.0.1 - - [03/Jun/2025:03:45:54 +0700] "GET / HTTP/1.1" 404 751
0:0:0:0:0:0:0:1 - - [03/Jun/2025:03:47:03 +0700] "GET /QuanLyChiTieu/api/transactions/user/11/month/06/year/2025 HTTP/1.1" 200 317
0:0:0:0:0:0:0:1 - - [03/Jun/2025:03:47:50 +0700] "GET /QuanLyChiTieu/api/transactions/search?keyword=mua HTTP/1.1" 404 94
127.0.0.1 - - [03/Jun/2025:03:53:37 +0700] "GET / HTTP/1.1" 404 751
0:0:0:0:0:0:0:1 - - [03/Jun/2025:03:53:43 +0700] "GET /QuanLyChiTieu/api/transactions/search?keyword=mua HTTP/1.1" 200 317
127.0.0.1 - - [03/Jun/2025:20:05:52 +0700] "GET / HTTP/1.1" 404 751
0:0:0:0:0:0:0:1 - - [03/Jun/2025:20:06:56 +0700] "GET /QuanLyChiTieu/api/transactions/search?keyword=mua HTTP/1.1" 200 317
0:0:0:0:0:0:0:1 - - [03/Jun/2025:20:09:49 +0700] "GET /QuanLyChiTieu/api/transactions HTTP/1.1" 404 94
0:0:0:0:0:0:0:1 - - [03/Jun/2025:20:10:17 +0700] "GET /QuanLyChiTieu/api/transactions HTTP/1.1" 404 94
0:0:0:0:0:0:0:1 - - [03/Jun/2025:20:11:53 +0700] "POST /QuanLyChiTieu/api/transactions HTTP/1.1" 201 45
0:0:0:0:0:0:0:1 - - [03/Jun/2025:20:14:01 +0700] "PUT /QuanLyChiTieu/api/transactions/8 HTTP/1.1" 200 47
0:0:0:0:0:0:0:1 - - [03/Jun/2025:20:14:50 +0700] "DELETE /QuanLyChiTieu/api/transactions/8 HTTP/1.1" 200 47
0:0:0:0:0:0:0:1 - - [03/Jun/2025:20:15:37 +0700] "GET /QuanLyChiTieu/api/budget/user/11/month/06/year/2025 HTTP/1.1" 404 47
0:0:0:0:0:0:0:1 - - [03/Jun/2025:20:17:33 +0700] "GET /QuanLyChiTieu/api/budget/user/11/month/06/year/2025 HTTP/1.1" 200 73
0:0:0:0:0:0:0:1 - - [03/Jun/2025:20:17:48 +0700] "GET /QuanLyChiTieu/api/budget/user/11/month/07/year/2025 HTTP/1.1" 200 73
0:0:0:0:0:0:0:1 - - [03/Jun/2025:20:17:53 +0700] "GET /QuanLyChiTieu/api/budget/user/11/month/08/year/2025 HTTP/1.1" 200 73
0:0:0:0:0:0:0:1 - - [03/Jun/2025:20:19:17 +0700] "PUT /QuanLyChiTieu/api/budget/6 HTTP/1.1" 200 42
0:0:0:0:0:0:0:1 - - [03/Jun/2025:20:19:36 +0700] "DELETE /QuanLyChiTieu/api/budget/6 HTTP/1.1" 200 42
0:0:0:0:0:0:0:1 - - [03/Jun/2025:20:21:53 +0700] "GET /QuanLyChiTieu/api/users/11 HTTP/1.1" 400 30
127.0.0.1 - - [03/Jun/2025:20:22:27 +0700] "GET / HTTP/1.1" 404 751
0:0:0:0:0:0:0:1 - - [03/Jun/2025:20:22:34 +0700] "GET /QuanLyChiTieu/api/users/11 HTTP/1.1" 400 30
0:0:0:0:0:0:0:1 - - [03/Jun/2025:20:23:29 +0700] "GET /QuanLyChiTieu/api/users/11 HTTP/1.1" 400 30
127.0.0.1 - - [03/Jun/2025:20:26:41 +0700] "GET / HTTP/1.1" 404 751
0:0:0:0:0:0:0:1 - - [03/Jun/2025:20:26:49 +0700] "GET /QuanLyChiTieu/api/users/11 HTTP/1.1" 200 77
0:0:0:0:0:0:0:1 - - [03/Jun/2025:20:27:05 +0700] "GET /QuanLyChiTieu/api/users/3 HTTP/1.1" 403 53
0:0:0:0:0:0:0:1 - - [03/Jun/2025:20:27:18 +0700] "GET /QuanLyChiTieu/api/users/11 HTTP/1.1" 200 77
0:0:0:0:0:0:0:1 - - [03/Jun/2025:20:28:08 +0700] "PUT /QuanLyChiTieu/api/users/11 HTTP/1.1" 200 77
0:0:0:0:0:0:0:1 - - [03/Jun/2025:20:28:35 +0700] "PUT /QuanLyChiTieu/api/users/11 HTTP/1.1" 200 77
0:0:0:0:0:0:0:1 - - [03/Jun/2025:20:28:36 +0700] "PUT /QuanLyChiTieu/api/users/11 HTTP/1.1" 200 77
0:0:0:0:0:0:0:1 - - [03/Jun/2025:20:29:16 +0700] "PUT /QuanLyChiTieu/api/users/11 HTTP/1.1" 200 77
127.0.0.1 - - [03/Jun/2025:20:32:29 +0700] "GET / HTTP/1.1" 404 751
0:0:0:0:0:0:0:1 - - [03/Jun/2025:20:32:34 +0700] "PUT /QuanLyChiTieu/api/users/11 HTTP/1.1" 200 77
0:0:0:0:0:0:0:1 - - [03/Jun/2025:20:32:57 +0700] "PUT /QuanLyChiTieu/api/users/11 HTTP/1.1" 200 77
127.0.0.1 - - [03/Jun/2025:20:37:08 +0700] "GET / HTTP/1.1" 404 751
0:0:0:0:0:0:0:1 - - [03/Jun/2025:20:37:16 +0700] "PUT /QuanLyChiTieu/api/users/11 HTTP/1.1" 200 77
0:0:0:0:0:0:0:1 - - [03/Jun/2025:20:37:26 +0700] "PUT /QuanLyChiTieu/api/users/11 HTTP/1.1" 200 77
127.0.0.1 - - [03/Jun/2025:20:50:57 +0700] "GET / HTTP/1.1" 404 751
0:0:0:0:0:0:0:1 - - [03/Jun/2025:20:51:01 +0700] "PUT /QuanLyChiTieu/api/users/11 HTTP/1.1" 200 77
0:0:0:0:0:0:0:1 - - [03/Jun/2025:20:52:26 +0700] "PUT /QuanLyChiTieu/api/users/11 HTTP/1.1" 200 77
0:0:0:0:0:0:0:1 - - [03/Jun/2025:20:56:15 +0700] "GET /QuanLyChiTieu/api/users/11 HTTP/1.1" 200 77
0:0:0:0:0:0:0:1 - - [03/Jun/2025:20:56:22 +0700] "GET /QuanLyChiTieu/api/users/8 HTTP/1.1" 403 53
0:0:0:0:0:0:0:1 - - [03/Jun/2025:20:56:25 +0700] "GET /QuanLyChiTieu/api/users/11 HTTP/1.1" 200 77
0:0:0:0:0:0:0:1 - - [03/Jun/2025:20:56:49 +0700] "PUT /QuanLyChiTieu/api/users/11 HTTP/1.1" 200 77
127.0.0.1 - - [03/Jun/2025:20:58:51 +0700] "GET / HTTP/1.1" 404 751
0:0:0:0:0:0:0:1 - - [03/Jun/2025:20:59:00 +0700] "PUT /QuanLyChiTieu/api/users/11 HTTP/1.1" 200 77
127.0.0.1 - - [03/Jun/2025:21:02:45 +0700] "GET / HTTP/1.1" 404 751
0:0:0:0:0:0:0:1 - - [03/Jun/2025:21:02:54 +0700] "GET /QuanLyChiTieu/api/users/11 HTTP/1.1" 200 74
0:0:0:0:0:0:0:1 - - [03/Jun/2025:21:03:11 +0700] "GET /QuanLyChiTieu/api/users/8 HTTP/1.1" 403 55
0:0:0:0:0:0:0:1 - - [03/Jun/2025:21:03:19 +0700] "GET /QuanLyChiTieu/api/users/11 HTTP/1.1" 200 74
0:0:0:0:0:0:0:1 - - [03/Jun/2025:21:03:27 +0700] "PUT /QuanLyChiTieu/api/users/11 HTTP/1.1" 200 74
0:0:0:0:0:0:0:1 - - [03/Jun/2025:21:03:50 +0700] "GET /QuanLyChiTieu/api/users/11 HTTP/1.1" 200 74
0:0:0:0:0:0:0:1 - - [03/Jun/2025:21:04:06 +0700] "PUT /QuanLyChiTieu/api/users/11 HTTP/1.1" 200 68
0:0:0:0:0:0:0:1 - - [03/Jun/2025:21:04:58 +0700] "PUT /QuanLyChiTieu/api/users/11 HTTP/1.1" 200 68
127.0.0.1 - - [03/Jun/2025:21:08:01 +0700] "GET / HTTP/1.1" 404 751
0:0:0:0:0:0:0:1 - - [03/Jun/2025:21:08:06 +0700] "PUT /QuanLyChiTieu/api/users/11 HTTP/1.1" 200 83
0:0:0:0:0:0:0:1 - - [03/Jun/2025:21:08:19 +0700] "GET /QuanLyChiTieu/api/users/11 HTTP/1.1" 200 83
0:0:0:0:0:0:0:1 - - [03/Jun/2025:21:08:30 +0700] "PUT /QuanLyChiTieu/api/users/11 HTTP/1.1" 200 82
127.0.0.1 - - [03/Jun/2025:22:29:55 +0700] "GET / HTTP/1.1" 404 751
0:0:0:0:0:0:0:1 - - [03/Jun/2025:22:30:11 +0700] "PUT /QuanLyChiTieu/api/users/11/pasword HTTP/1.1" 400 30
0:0:0:0:0:0:0:1 - - [03/Jun/2025:22:32:14 +0700] "PUT /QuanLyChiTieu/api/users/11/password HTTP/1.1" 200 44
127.0.0.1 - - [03/Jun/2025:22:37:27 +0700] "GET / HTTP/1.1" 404 751
0:0:0:0:0:0:0:1 - - [03/Jun/2025:22:38:11 +0700] "PUT /QuanLyChiTieu/api/logout HTTP/1.1" 404 45
0:0:0:0:0:0:0:1 - - [03/Jun/2025:22:38:54 +0700] "POST /QuanLyChiTieu/api/logout HTTP/1.1" 200 32
0:0:0:0:0:0:0:1 - - [03/Jun/2025:22:39:05 +0700] "POST /QuanLyChiTieu/users/11 HTTP/1.1" 404 781
0:0:0:0:0:0:0:1 - - [03/Jun/2025:22:39:27 +0700] "POST /QuanLyChiTieu/login HTTP/1.1" 404 774
0:0:0:0:0:0:0:1 - - [03/Jun/2025:22:39:52 +0700] "POST /QuanLyChiTieu/login HTTP/1.1" 404 774
0:0:0:0:0:0:0:1 - - [03/Jun/2025:22:41:58 +0700] "POST /QuanLyChiTieu/api/login HTTP/1.1" 401 38
0:0:0:0:0:0:0:1 - - [03/Jun/2025:22:42:25 +0700] "POST /QuanLyChiTieu/api/login HTTP/1.1" 401 38
0:0:0:0:0:0:0:1 - - [03/Jun/2025:22:42:34 +0700] "POST /QuanLyChiTieu/api/login HTTP/1.1" 401 38
0:0:0:0:0:0:0:1 - - [03/Jun/2025:22:42:37 +0700] "POST /QuanLyChiTieu/api/login HTTP/1.1" 401 38
0:0:0:0:0:0:0:1 - - [03/Jun/2025:22:44:12 +0700] "POST /QuanLyChiTieu/api/login HTTP/1.1" 401 38
0:0:0:0:0:0:0:1 - - [03/Jun/2025:22:45:46 +0700] "POST /QuanLyChiTieu/api/register HTTP/1.1" 201 38
0:0:0:0:0:0:0:1 - - [03/Jun/2025:22:46:08 +0700] "POST /QuanLyChiTieu/api/login HTTP/1.1" 200 381
0:0:0:0:0:0:0:1 - - [03/Jun/2025:22:46:31 +0700] "POST /QuanLyChiTieu/users/15 HTTP/1.1" 404 781
0:0:0:0:0:0:0:1 - - [03/Jun/2025:22:46:37 +0700] "POST /QuanLyChiTieu/api/users/15 HTTP/1.1" 404 31
0:0:0:0:0:0:0:1 - - [03/Jun/2025:22:46:48 +0700] "GET /QuanLyChiTieu/api/users/15 HTTP/1.1" 400 30
0:0:0:0:0:0:0:1 - - [03/Jun/2025:22:47:38 +0700] "GET /QuanLyChiTieu/api/users/5 HTTP/1.1" 403 55
0:0:0:0:0:0:0:1 - - [03/Jun/2025:22:47:54 +0700] "GET /QuanLyChiTieu/api/users/15 HTTP/1.1" 400 30
127.0.0.1 - - [03/Jun/2025:22:50:01 +0700] "GET / HTTP/1.1" 404 751
0:0:0:0:0:0:0:1 - - [03/Jun/2025:22:50:10 +0700] "GET /QuanLyChiTieu/api/users/15 HTTP/1.1" 200 85
0:0:0:0:0:0:0:1 - - [03/Jun/2025:22:51:01 +0700] "PUT /QuanLyChiTieu/api/users/15 HTTP/1.1" 200 62
0:0:0:0:0:0:0:1 - - [03/Jun/2025:22:51:29 +0700] "PUT /QuanLyChiTieu/api/users/15 HTTP/1.1" 200 76
0:0:0:0:0:0:0:1 - - [03/Jun/2025:22:51:46 +0700] "GET /QuanLyChiTieu/api/users/15 HTTP/1.1" 200 76
0:0:0:0:0:0:0:1 - - [03/Jun/2025:22:52:00 +0700] "PUT /QuanLyChiTieu/api/users/15 HTTP/1.1" 200 77
0:0:0:0:0:0:0:1 - - [03/Jun/2025:22:53:06 +0700] "PUT /QuanLyChiTieu/api/users/15/password HTTP/1.1" 200 44
0:0:0:0:0:0:0:1 - - [03/Jun/2025:22:53:19 +0700] "PUT /QuanLyChiTieu/api/logout HTTP/1.1" 404 45
0:0:0:0:0:0:0:1 - - [03/Jun/2025:22:53:25 +0700] "POST /QuanLyChiTieu/api/logout HTTP/1.1" 200 32
0:0:0:0:0:0:0:1 - - [03/Jun/2025:22:53:58 +0700] "POST /QuanLyChiTieu/api/login HTTP/1.1" 400 44
0:0:0:0:0:0:0:1 - - [03/Jun/2025:22:56:09 +0700] "POST /QuanLyChiTieu/api/login HTTP/1.1" 401 38
127.0.0.1 - - [03/Jun/2025:23:00:24 +0700] "GET / HTTP/1.1" 404 751
0:0:0:0:0:0:0:1 - - [03/Jun/2025:23:01:31 +0700] "POST /QuanLyChiTieu/api/register HTTP/1.1" 201 38
0:0:0:0:0:0:0:1 - - [03/Jun/2025:23:01:46 +0700] "POST /QuanLyChiTieu/api/login HTTP/1.1" 200 385
0:0:0:0:0:0:0:1 - - [03/Jun/2025:23:02:16 +0700] "POST /QuanLyChiTieu/api/users/16 HTTP/1.1" 404 31
0:0:0:0:0:0:0:1 - - [03/Jun/2025:23:02:19 +0700] "GET /QuanLyChiTieu/api/users/16 HTTP/1.1" 200 89
0:0:0:0:0:0:0:1 - - [03/Jun/2025:23:03:16 +0700] "POST /QuanLyChiTieu/api/16/password HTTP/1.1" 404 31
0:0:0:0:0:0:0:1 - - [03/Jun/2025:23:03:31 +0700] "POST /QuanLyChiTieu/api/users/16/password HTTP/1.1" 404 31
0:0:0:0:0:0:0:1 - - [03/Jun/2025:23:03:52 +0700] "POST /QuanLyChiTieu/api/users/16/password HTTP/1.1" 404 31
0:0:0:0:0:0:0:1 - - [03/Jun/2025:23:03:57 +0700] "PUT /QuanLyChiTieu/api/users/16/password HTTP/1.1" 200 44
0:0:0:0:0:0:0:1 - - [03/Jun/2025:23:04:04 +0700] "PUT /QuanLyChiTieu/api/logout HTTP/1.1" 404 45
0:0:0:0:0:0:0:1 - - [03/Jun/2025:23:04:08 +0700] "POST /QuanLyChiTieu/api/logout HTTP/1.1" 200 32
0:0:0:0:0:0:0:1 - - [03/Jun/2025:23:04:40 +0700] "POST /QuanLyChiTieu/api/login HTTP/1.1" 200 385
0:0:0:0:0:0:0:1 - - [03/Jun/2025:23:06:52 +0700] "GET /QuanLyChiTieu/api/icons HTTP/1.1" 200 192
0:0:0:0:0:0:0:1 - - [03/Jun/2025:23:07:11 +0700] "GET /QuanLyChiTieu/api/colors HTTP/1.1" 200 258
0:0:0:0:0:0:0:1 - - [03/Jun/2025:23:13:46 +0700] "GET /QuanLyChiTieu/api/transaction-types HTTP/1.1" 200 76
127.0.0.1 - - [03/Jun/2025:23:18:03 +0700] "GET / HTTP/1.1" 404 751
0:0:0:0:0:0:0:1 - - [03/Jun/2025:23:18:57 +0700] "GET /QuanLyChiTieu/api/icons HTTP/1.1" 500 1685
0:0:0:0:0:0:0:1 - - [03/Jun/2025:23:19:23 +0700] "GET /QuanLyChiTieu/api/icons HTTP/1.1" 500 1685
127.0.0.1 - - [03/Jun/2025:23:23:38 +0700] "GET / HTTP/1.1" 404 751
0:0:0:0:0:0:0:1 - - [03/Jun/2025:23:23:42 +0700] "GET /QuanLyChiTieu/api/icons HTTP/1.1" 200 192
0:0:0:0:0:0:0:1 - - [03/Jun/2025:23:24:14 +0700] "POST /QuanLyChiTieu/api/icons HTTP/1.1" 201 38
0:0:0:0:0:0:0:1 - - [03/Jun/2025:23:24:50 +0700] "PUT /QuanLyChiTieu/api/icons/11 HTTP/1.1" 200 40
0:0:0:0:0:0:0:1 - - [03/Jun/2025:23:25:08 +0700] "DELETE /QuanLyChiTieu/api/icons/11 HTTP/1.1" 200 40
0:0:0:0:0:0:0:1 - - [03/Jun/2025:23:25:24 +0700] "DELETE /QuanLyChiTieu/api/colors HTTP/1.1" 404 45
0:0:0:0:0:0:0:1 - - [03/Jun/2025:23:25:27 +0700] "GET /QuanLyChiTieu/api/colors HTTP/1.1" 200 258
0:0:0:0:0:0:0:1 - - [03/Jun/2025:23:25:51 +0700] "POST /QuanLyChiTieu/api/colors HTTP/1.1" 201 39
0:0:0:0:0:0:0:1 - - [03/Jun/2025:23:26:07 +0700] "PUT /QuanLyChiTieu/api/colors HTTP/1.1" 404 45
0:0:0:0:0:0:0:1 - - [03/Jun/2025:23:26:18 +0700] "PUT /QuanLyChiTieu/api/colors/11 HTTP/1.1" 200 41
0:0:0:0:0:0:0:1 - - [03/Jun/2025:23:26:29 +0700] "DELETE /QuanLyChiTieu/api/colors/11 HTTP/1.1" 200 41
0:0:0:0:0:0:0:1 - - [03/Jun/2025:23:26:47 +0700] "DELETE /QuanLyChiTieu/logout HTTP/1.1" 405 685
0:0:0:0:0:0:0:1 - - [03/Jun/2025:23:26:51 +0700] "POST /QuanLyChiTieu/logout HTTP/1.1" 404 775
0:0:0:0:0:0:0:1 - - [03/Jun/2025:23:26:58 +0700] "POST /QuanLyChiTieu/api/logout HTTP/1.1" 200 32
0:0:0:0:0:0:0:1 - - [03/Jun/2025:23:27:31 +0700] "POST /QuanLyChiTieu/api/login HTTP/1.1" 200 385
0:0:0:0:0:0:0:1 - - [03/Jun/2025:23:28:30 +0700] "POST /QuanLyChiTieu/api/users/16/password HTTP/1.1" 404 31
0:0:0:0:0:0:0:1 - - [03/Jun/2025:23:28:34 +0700] "PUT /QuanLyChiTieu/api/users/16/password HTTP/1.1" 200 44
0:0:0:0:0:0:0:1 - - [03/Jun/2025:23:28:44 +0700] "PUT /QuanLyChiTieu/api/logout HTTP/1.1" 404 45
0:0:0:0:0:0:0:1 - - [03/Jun/2025:23:28:47 +0700] "POST /QuanLyChiTieu/api/logout HTTP/1.1" 200 32
0:0:0:0:0:0:0:1 - - [03/Jun/2025:23:29:20 +0700] "POST /QuanLyChiTieu/api/login HTTP/1.1" 200 385
